List all containers.

Usage:
  kanto-cm list

Examples:
 list
 list --name <container-name>
 list --quiet
 list --filter status=created

Flags:
      --filter strings   Lists only containers with a specified filter. The containers can be filtered by their status, image and exitcode.
  -h, --help             help for list
  -n, --name string      List all containers with a specific name.
  -q, --quiet            List only container IDs.

Global Flags:
      --debug         Switch commands log level to DEBUG mode
      --host string   Specify the address path to the Eclipse Kanto container management (default "/run/container-management/container-management.sock")
      --timeout int   Specify the connection timeout in seconds to the Eclipse Kanto container management (default 30)
